ERROR - 2026-05-09 07:08:08 --> Error connecting to the database: Error: Call to undefined function CodeIgniter\Database\Postgre\pg_connect() in /home/huhu/Documents/web/imc/system/Database/Postgre/Connection.php:78
Stack trace:
#0 /home/huhu/Documents/web/imc/system/Database/BaseConnection.php(555): CodeIgniter\Database\Postgre\Connection->connect()
#1 /home/huhu/Documents/web/imc/system/Database/BaseConnection.php(795): CodeIgniter\Database\BaseConnection->initialize()
#2 /home/huhu/Documents/web/imc/system/Database/BaseConnection.php(1706): CodeIgniter\Database\BaseConnection->query()
#3 /home/huhu/Documents/web/imc/system/Commands/Database/ShowTableInfo.php(121): CodeIgniter\Database\BaseConnection->listTables()
#4 /home/huhu/Documents/web/imc/system/CLI/Commands.php(74): CodeIgniter\Commands\Database\ShowTableInfo->run()
#5 /home/huhu/Documents/web/imc/system/CLI/Console.php(47): CodeIgniter\CLI\Commands->run()
#6 /home/huhu/Documents/web/imc/system/Boot.php(442): CodeIgniter\CLI\Console->run()
#7 /home/huhu/Documents/web/imc/system/Boot.php(166): CodeIgniter\Boot::runCommand()
#8 /home/huhu/Documents/web/imc/spark(87): CodeIgniter\Boot::bootSpark()
#9 {main}
CRITICAL - 2026-05-09 07:08:08 --> CodeIgniter\Database\Exceptions\DatabaseException: Unable to connect to the database.
Main connection [Postgre]: Call to undefined function CodeIgniter\Database\Postgre\pg_connect()
[Method: CLI, Route: db:table]
in SYSTEMPATH/Database/BaseConnection.php on line 606.
 1 SYSTEMPATH/Database/BaseConnection.php(795): CodeIgniter\Database\BaseConnection->initialize()
 2 SYSTEMPATH/Database/BaseConnection.php(1706): CodeIgniter\Database\BaseConnection->query()
 3 SYSTEMPATH/Commands/Database/ShowTableInfo.php(121): CodeIgniter\Database\BaseConnection->listTables()
 4 SYSTEMPATH/CLI/Commands.php(74): CodeIgniter\Commands\Database\ShowTableInfo->run()
 5 SYSTEMPATH/CLI/Console.php(47): CodeIgniter\CLI\Commands->run()
 6 SYSTEMPATH/Boot.php(442): CodeIgniter\CLI\Console->run()
 7 SYSTEMPATH/Boot.php(166): CodeIgniter\Boot::runCommand()
 8 ROOTPATH/spark(87): CodeIgniter\Boot::bootSpark()
ERROR - 2026-05-09 07:11:24 --> Error connecting to the database: Error: Call to undefined function CodeIgniter\Database\Postgre\pg_connect() in /home/huhu/Documents/web/imc/system/Database/Postgre/Connection.php:78
Stack trace:
#0 /home/huhu/Documents/web/imc/system/Database/BaseConnection.php(555): CodeIgniter\Database\Postgre\Connection->connect()
#1 /home/huhu/Documents/web/imc/app/Controllers/Home.php(17): CodeIgniter\Database\BaseConnection->initialize()
#2 /home/huhu/Documents/web/imc/system/CodeIgniter.php(951): App\Controllers\Home->dbTest()
#3 /home/huhu/Documents/web/imc/system/CodeIgniter.php(497): CodeIgniter\CodeIgniter->runController()
#4 /home/huhu/Documents/web/imc/system/CodeIgniter.php(340): CodeIgniter\CodeIgniter->handleRequest()
#5 /home/huhu/Documents/web/imc/system/Boot.php(417): CodeIgniter\CodeIgniter->run()
#6 /home/huhu/Documents/web/imc/system/Boot.php(68): CodeIgniter\Boot::runCodeIgniter()
#7 /home/huhu/Documents/web/imc/public/index.php(59): CodeIgniter\Boot::bootWeb()
#8 /home/huhu/Documents/web/imc/system/rewrite.php(44): require_once('...')
#9 {main}
CRITICAL - 2026-05-09 14:11:02 --> ErrorException: Declaration of App\Models\RegimeModel::delete($id, bool $purge = false): bool must be compatible with CodeIgniter\BaseModel::delete($id = null, bool $purge = false)
[Method: GET, Route: dashboard]
in APPPATH/Models/RegimeModel.php on line 111.
 1 [internal function]: CodeIgniter\Debug\Exceptions->shutdownHandler()
CRITICAL - 2026-05-09 14:16:13 --> TypeError: App\Controllers\front\DashboardController::buildDashboardData(): Argument #1 ($utilisateurId) must be of type int, null given, called in /home/huhu/Documents/web/imc/app/Controllers/front/DashboardController.php on line 44
[Method: GET, Route: dashboard]
in APPPATH/Controllers/front/DashboardController.php on line 64.
 1 APPPATH/Controllers/front/DashboardController.php(44): App\Controllers\front\DashboardController->buildDashboardData()
 2 SYSTEMPATH/CodeIgniter.php(951): App\Controllers\front\DashboardController->index()
 3 SYSTEMPATH/CodeIgniter.php(497): CodeIgniter\CodeIgniter->runController()
 4 SYSTEMPATH/CodeIgniter.php(340): CodeIgniter\CodeIgniter->handleRequest()
 5 SYSTEMPATH/Boot.php(417): CodeIgniter\CodeIgniter->run()
 6 SYSTEMPATH/Boot.php(68): CodeIgniter\Boot::runCodeIgniter()
 7 FCPATH/index.php(59): CodeIgniter\Boot::bootWeb()
 8 SYSTEMPATH/rewrite.php(44): require_once('/home/huhu/Documents/web/imc/public/index.php')
CRITICAL - 2026-05-09 14:16:42 --> TypeError: App\Controllers\front\DashboardController::buildDashboardData(): Argument #1 ($utilisateurId) must be of type int, null given, called in /home/huhu/Documents/web/imc/app/Controllers/front/DashboardController.php on line 44
[Method: GET, Route: dashboard]
in APPPATH/Controllers/front/DashboardController.php on line 64.
 1 APPPATH/Controllers/front/DashboardController.php(44): App\Controllers\front\DashboardController->buildDashboardData()
 2 SYSTEMPATH/CodeIgniter.php(951): App\Controllers\front\DashboardController->index()
 3 SYSTEMPATH/CodeIgniter.php(497): CodeIgniter\CodeIgniter->runController()
 4 SYSTEMPATH/CodeIgniter.php(340): CodeIgniter\CodeIgniter->handleRequest()
 5 SYSTEMPATH/Boot.php(417): CodeIgniter\CodeIgniter->run()
 6 SYSTEMPATH/Boot.php(68): CodeIgniter\Boot::runCodeIgniter()
 7 FCPATH/index.php(59): CodeIgniter\Boot::bootWeb()
 8 SYSTEMPATH/rewrite.php(44): require_once('/home/huhu/Documents/web/imc/public/index.php')
CRITICAL - 2026-05-09 14:17:43 --> TypeError: App\Controllers\front\DashboardController::buildDashboardData(): Argument #1 ($utilisateurId) must be of type int, null given, called in /home/huhu/Documents/web/imc/app/Controllers/front/DashboardController.php on line 44
[Method: GET, Route: dashboard]
in APPPATH/Controllers/front/DashboardController.php on line 64.
 1 APPPATH/Controllers/front/DashboardController.php(44): App\Controllers\front\DashboardController->buildDashboardData()
 2 SYSTEMPATH/CodeIgniter.php(951): App\Controllers\front\DashboardController->index()
 3 SYSTEMPATH/CodeIgniter.php(497): CodeIgniter\CodeIgniter->runController()
 4 SYSTEMPATH/CodeIgniter.php(340): CodeIgniter\CodeIgniter->handleRequest()
 5 SYSTEMPATH/Boot.php(417): CodeIgniter\CodeIgniter->run()
 6 SYSTEMPATH/Boot.php(68): CodeIgniter\Boot::runCodeIgniter()
 7 FCPATH/index.php(59): CodeIgniter\Boot::bootWeb()
 8 SYSTEMPATH/rewrite.php(44): require_once('/home/huhu/Documents/web/imc/public/index.php')
CRITICAL - 2026-05-09 15:41:38 --> ParseError: syntax error, unexpected token "=>"
[Method: GET, Route: dashboard]
in APPPATH/Views/front/dashboard/index.php on line 108.
 1 SYSTEMPATH/View/View.php(243): CodeIgniter\View\View->CodeIgniter\View\{closure}()
 2 SYSTEMPATH/Common.php(1250): CodeIgniter\View\View->render()
 3 APPPATH/Controllers/front/DashboardController.php(44): view()
 4 SYSTEMPATH/CodeIgniter.php(951): App\Controllers\front\DashboardController->index()
 5 SYSTEMPATH/CodeIgniter.php(497): CodeIgniter\CodeIgniter->runController()
 6 SYSTEMPATH/CodeIgniter.php(340): CodeIgniter\CodeIgniter->handleRequest()
 7 SYSTEMPATH/Boot.php(417): CodeIgniter\CodeIgniter->run()
 8 SYSTEMPATH/Boot.php(68): CodeIgniter\Boot::runCodeIgniter()
 9 FCPATH/index.php(59): CodeIgniter\Boot::bootWeb()
10 SYSTEMPATH/rewrite.php(44): require_once('/home/huhu/Documents/web/imc/public/index.php')
CRITICAL - 2026-05-09 15:41:39 --> ParseError: syntax error, unexpected token "=>"
[Method: GET, Route: dashboard]
in APPPATH/Views/front/dashboard/index.php on line 108.
 1 SYSTEMPATH/View/View.php(243): CodeIgniter\View\View->CodeIgniter\View\{closure}()
 2 SYSTEMPATH/Common.php(1250): CodeIgniter\View\View->render()
 3 APPPATH/Controllers/front/DashboardController.php(44): view()
 4 SYSTEMPATH/CodeIgniter.php(951): App\Controllers\front\DashboardController->index()
 5 SYSTEMPATH/CodeIgniter.php(497): CodeIgniter\CodeIgniter->runController()
 6 SYSTEMPATH/CodeIgniter.php(340): CodeIgniter\CodeIgniter->handleRequest()
 7 SYSTEMPATH/Boot.php(417): CodeIgniter\CodeIgniter->run()
 8 SYSTEMPATH/Boot.php(68): CodeIgniter\Boot::runCodeIgniter()
 9 FCPATH/index.php(59): CodeIgniter\Boot::bootWeb()
10 SYSTEMPATH/rewrite.php(44): require_once('/home/huhu/Documents/web/imc/public/index.php')
CRITICAL - 2026-05-09 19:34:26 --> CodeIgniter\Filters\Exceptions\FilterException: "auth" filter must have a matching alias defined.
[Method: GET, Route: dashboard]
in SYSTEMPATH/Filters/Filters.php on line 590.
 1 SYSTEMPATH/Filters/Filters.php(590): CodeIgniter\Filters\Exceptions\FilterException::forNoAlias()
 2 SYSTEMPATH/Filters/Filters.php(641): CodeIgniter\Filters\Filters->enableFilter()
 3 SYSTEMPATH/CodeIgniter.php(453): CodeIgniter\Filters\Filters->enableFilters()
 4 SYSTEMPATH/CodeIgniter.php(340): CodeIgniter\CodeIgniter->handleRequest()
 5 SYSTEMPATH/Boot.php(417): CodeIgniter\CodeIgniter->run()
 6 SYSTEMPATH/Boot.php(68): CodeIgniter\Boot::runCodeIgniter()
 7 FCPATH/index.php(59): CodeIgniter\Boot::bootWeb()
 8 SYSTEMPATH/rewrite.php(44): require_once('/home/miora/Documents/4IHM/Mr Rojo/imc/public/index.php')
CRITICAL - 2026-05-09 19:36:06 --> CodeIgniter\Filters\Exceptions\FilterException: "auth" filter must have a matching alias defined.
[Method: GET, Route: dashboard]
in SYSTEMPATH/Filters/Filters.php on line 590.
 1 SYSTEMPATH/Filters/Filters.php(590): CodeIgniter\Filters\Exceptions\FilterException::forNoAlias()
 2 SYSTEMPATH/Filters/Filters.php(641): CodeIgniter\Filters\Filters->enableFilter()
 3 SYSTEMPATH/CodeIgniter.php(453): CodeIgniter\Filters\Filters->enableFilters()
 4 SYSTEMPATH/CodeIgniter.php(340): CodeIgniter\CodeIgniter->handleRequest()
 5 SYSTEMPATH/Boot.php(417): CodeIgniter\CodeIgniter->run()
 6 SYSTEMPATH/Boot.php(68): CodeIgniter\Boot::runCodeIgniter()
 7 FCPATH/index.php(59): CodeIgniter\Boot::bootWeb()
 8 SYSTEMPATH/rewrite.php(44): require_once('/home/miora/Documents/4IHM/Mr Rojo/imc/public/index.php')
CRITICAL - 2026-05-09 19:38:22 --> CodeIgniter\Filters\Exceptions\FilterException: "auth" filter must have a matching alias defined.
[Method: GET, Route: dashboard]
in SYSTEMPATH/Filters/Filters.php on line 590.
 1 SYSTEMPATH/Filters/Filters.php(590): CodeIgniter\Filters\Exceptions\FilterException::forNoAlias()
 2 SYSTEMPATH/Filters/Filters.php(641): CodeIgniter\Filters\Filters->enableFilter()
 3 SYSTEMPATH/CodeIgniter.php(453): CodeIgniter\Filters\Filters->enableFilters()
 4 SYSTEMPATH/CodeIgniter.php(340): CodeIgniter\CodeIgniter->handleRequest()
 5 SYSTEMPATH/Boot.php(417): CodeIgniter\CodeIgniter->run()
 6 SYSTEMPATH/Boot.php(68): CodeIgniter\Boot::runCodeIgniter()
 7 FCPATH/index.php(59): CodeIgniter\Boot::bootWeb()
 8 SYSTEMPATH/rewrite.php(44): require_once('/home/miora/Documents/4IHM/Mr Rojo/imc/public/index.php')
CRITICAL - 2026-05-09 19:43:15 --> CodeIgniter\Filters\Exceptions\FilterException: "auth" filter must have a matching alias defined.
[Method: GET, Route: dashboard]
in SYSTEMPATH/Filters/Filters.php on line 590.
 1 SYSTEMPATH/Filters/Filters.php(590): CodeIgniter\Filters\Exceptions\FilterException::forNoAlias()
 2 SYSTEMPATH/Filters/Filters.php(641): CodeIgniter\Filters\Filters->enableFilter()
 3 SYSTEMPATH/CodeIgniter.php(453): CodeIgniter\Filters\Filters->enableFilters()
 4 SYSTEMPATH/CodeIgniter.php(340): CodeIgniter\CodeIgniter->handleRequest()
 5 SYSTEMPATH/Boot.php(417): CodeIgniter\CodeIgniter->run()
 6 SYSTEMPATH/Boot.php(68): CodeIgniter\Boot::runCodeIgniter()
 7 FCPATH/index.php(59): CodeIgniter\Boot::bootWeb()
 8 SYSTEMPATH/rewrite.php(44): require_once('/home/miora/Documents/4IHM/Mr Rojo/imc/public/index.php')
CRITICAL - 2026-05-09 19:44:35 --> CodeIgniter\Filters\Exceptions\FilterException: "auth" filter must have a matching alias defined.
[Method: GET, Route: dashboard]
in SYSTEMPATH/Filters/Filters.php on line 590.
 1 SYSTEMPATH/Filters/Filters.php(590): CodeIgniter\Filters\Exceptions\FilterException::forNoAlias()
 2 SYSTEMPATH/Filters/Filters.php(641): CodeIgniter\Filters\Filters->enableFilter()
 3 SYSTEMPATH/CodeIgniter.php(453): CodeIgniter\Filters\Filters->enableFilters()
 4 SYSTEMPATH/CodeIgniter.php(340): CodeIgniter\CodeIgniter->handleRequest()
 5 SYSTEMPATH/Boot.php(417): CodeIgniter\CodeIgniter->run()
 6 SYSTEMPATH/Boot.php(68): CodeIgniter\Boot::runCodeIgniter()
 7 FCPATH/index.php(59): CodeIgniter\Boot::bootWeb()
 8 SYSTEMPATH/rewrite.php(44): require_once('/home/miora/Documents/4IHM/Mr Rojo/imc/public/index.php')
CRITICAL - 2026-05-09 19:44:53 --> CodeIgniter\Filters\Exceptions\FilterException: "auth" filter must have a matching alias defined.
[Method: GET, Route: dashboard]
in SYSTEMPATH/Filters/Filters.php on line 590.
 1 SYSTEMPATH/Filters/Filters.php(590): CodeIgniter\Filters\Exceptions\FilterException::forNoAlias()
 2 SYSTEMPATH/Filters/Filters.php(641): CodeIgniter\Filters\Filters->enableFilter()
 3 SYSTEMPATH/CodeIgniter.php(453): CodeIgniter\Filters\Filters->enableFilters()
 4 SYSTEMPATH/CodeIgniter.php(340): CodeIgniter\CodeIgniter->handleRequest()
 5 SYSTEMPATH/Boot.php(417): CodeIgniter\CodeIgniter->run()
 6 SYSTEMPATH/Boot.php(68): CodeIgniter\Boot::runCodeIgniter()
 7 FCPATH/index.php(59): CodeIgniter\Boot::bootWeb()
 8 SYSTEMPATH/rewrite.php(44): require_once('/home/miora/Documents/4IHM/Mr Rojo/imc/public/index.php')
CRITICAL - 2026-05-09 19:46:40 --> Error: Class "App\Filters\AuthFilter" not found
[Method: GET, Route: dashboard]
in SYSTEMPATH/Filters/Filters.php on line 299.
 1 SYSTEMPATH/Filters/Filters.php(239): CodeIgniter\Filters\Filters->createFilter()
 2 SYSTEMPATH/Filters/Filters.php(221): CodeIgniter\Filters\Filters->runBefore()
 3 SYSTEMPATH/CodeIgniter.php(465): CodeIgniter\Filters\Filters->run()
 4 SYSTEMPATH/CodeIgniter.php(340): CodeIgniter\CodeIgniter->handleRequest()
 5 SYSTEMPATH/Boot.php(417): CodeIgniter\CodeIgniter->run()
 6 SYSTEMPATH/Boot.php(68): CodeIgniter\Boot::runCodeIgniter()
 7 FCPATH/index.php(59): CodeIgniter\Boot::bootWeb()
 8 SYSTEMPATH/rewrite.php(44): require_once('/home/miora/Documents/4IHM/Mr Rojo/imc/public/index.php')
CRITICAL - 2026-05-09 19:46:41 --> Error: Class "App\Filters\AuthFilter" not found
[Method: GET, Route: dashboard]
in SYSTEMPATH/Filters/Filters.php on line 299.
 1 SYSTEMPATH/Filters/Filters.php(239): CodeIgniter\Filters\Filters->createFilter()
 2 SYSTEMPATH/Filters/Filters.php(221): CodeIgniter\Filters\Filters->runBefore()
 3 SYSTEMPATH/CodeIgniter.php(465): CodeIgniter\Filters\Filters->run()
 4 SYSTEMPATH/CodeIgniter.php(340): CodeIgniter\CodeIgniter->handleRequest()
 5 SYSTEMPATH/Boot.php(417): CodeIgniter\CodeIgniter->run()
 6 SYSTEMPATH/Boot.php(68): CodeIgniter\Boot::runCodeIgniter()
 7 FCPATH/index.php(59): CodeIgniter\Boot::bootWeb()
 8 SYSTEMPATH/rewrite.php(44): require_once('/home/miora/Documents/4IHM/Mr Rojo/imc/public/index.php')
CRITICAL - 2026-05-09 19:46:48 --> Error: Class "App\Filters\AuthFilter" not found
[Method: GET, Route: dashboard]
in SYSTEMPATH/Filters/Filters.php on line 299.
 1 SYSTEMPATH/Filters/Filters.php(239): CodeIgniter\Filters\Filters->createFilter()
 2 SYSTEMPATH/Filters/Filters.php(221): CodeIgniter\Filters\Filters->runBefore()
 3 SYSTEMPATH/CodeIgniter.php(465): CodeIgniter\Filters\Filters->run()
 4 SYSTEMPATH/CodeIgniter.php(340): CodeIgniter\CodeIgniter->handleRequest()
 5 SYSTEMPATH/Boot.php(417): CodeIgniter\CodeIgniter->run()
 6 SYSTEMPATH/Boot.php(68): CodeIgniter\Boot::runCodeIgniter()
 7 FCPATH/index.php(59): CodeIgniter\Boot::bootWeb()
 8 SYSTEMPATH/rewrite.php(44): require_once('/home/miora/Documents/4IHM/Mr Rojo/imc/public/index.php')
CRITICAL - 2026-05-09 19:48:42 --> Error: Class "App\Filters\AuthFilter" not found
[Method: GET, Route: dashboard]
in SYSTEMPATH/Filters/Filters.php on line 299.
 1 SYSTEMPATH/Filters/Filters.php(239): CodeIgniter\Filters\Filters->createFilter()
 2 SYSTEMPATH/Filters/Filters.php(221): CodeIgniter\Filters\Filters->runBefore()
 3 SYSTEMPATH/CodeIgniter.php(465): CodeIgniter\Filters\Filters->run()
 4 SYSTEMPATH/CodeIgniter.php(340): CodeIgniter\CodeIgniter->handleRequest()
 5 SYSTEMPATH/Boot.php(417): CodeIgniter\CodeIgniter->run()
 6 SYSTEMPATH/Boot.php(68): CodeIgniter\Boot::runCodeIgniter()
 7 FCPATH/index.php(59): CodeIgniter\Boot::bootWeb()
 8 SYSTEMPATH/rewrite.php(44): require_once('/home/miora/Documents/4IHM/Mr Rojo/imc/public/index.php')
DEBUG - 2026-05-09 19:52:21 --> Session: Class initialized using 'CodeIgniter\Session\Handlers\FileHandler' driver.
DEBUG - 2026-05-09 19:52:21 --> Session: Class initialized using 'CodeIgniter\Session\Handlers\FileHandler' driver.
CRITICAL - 2026-05-09 19:52:21 --> TypeError: Cannot assign App\Models\CodePromoModel to property App\Controllers\back\AdminDashboardController::$codePromoModel of type App\Models\CompteModel
[Method: GET, Route: admin/dashboard]
in APPPATH/Controllers/back/AdminDashboardController.php on line 36.
 1 SYSTEMPATH/CodeIgniter.php(921): App\Controllers\back\AdminDashboardController->__construct()
 2 SYSTEMPATH/CodeIgniter.php(488): CodeIgniter\CodeIgniter->createController()
 3 SYSTEMPATH/CodeIgniter.php(340): CodeIgniter\CodeIgniter->handleRequest()
 4 SYSTEMPATH/Boot.php(417): CodeIgniter\CodeIgniter->run()
 5 SYSTEMPATH/Boot.php(68): CodeIgniter\Boot::runCodeIgniter()
 6 FCPATH/index.php(59): CodeIgniter\Boot::bootWeb()
 7 SYSTEMPATH/rewrite.php(44): require_once('/home/miora/Documents/4IHM/Mr Rojo/imc/public/index.php')
DEBUG - 2026-05-09 19:53:35 --> Session: Class initialized using 'CodeIgniter\Session\Handlers\FileHandler' driver.
DEBUG - 2026-05-09 19:53:43 --> Session: Class initialized using 'CodeIgniter\Session\Handlers\FileHandler' driver.
CRITICAL - 2026-05-09 19:53:43 --> ErrorException: Undefined variable $utilisateurModel
[Method: GET, Route: admin/dashboard]
in APPPATH/Controllers/back/AdminDashboardController.php on line 44.
 1 APPPATH/Controllers/back/AdminDashboardController.php(44): CodeIgniter\Debug\Exceptions->errorHandler()
 2 SYSTEMPATH/CodeIgniter.php(951): App\Controllers\back\AdminDashboardController->index()
 3 SYSTEMPATH/CodeIgniter.php(497): CodeIgniter\CodeIgniter->runController()
 4 SYSTEMPATH/CodeIgniter.php(340): CodeIgniter\CodeIgniter->handleRequest()
 5 SYSTEMPATH/Boot.php(417): CodeIgniter\CodeIgniter->run()
 6 SYSTEMPATH/Boot.php(68): CodeIgniter\Boot::runCodeIgniter()
 7 FCPATH/index.php(59): CodeIgniter\Boot::bootWeb()
 8 SYSTEMPATH/rewrite.php(44): require_once('/home/miora/Documents/4IHM/Mr Rojo/imc/public/index.php')
DEBUG - 2026-05-09 19:54:11 --> Session: Class initialized using 'CodeIgniter\Session\Handlers\FileHandler' driver.
CRITICAL - 2026-05-09 19:54:11 --> ErrorException: Undefined variable $utilisateurModel
[Method: GET, Route: admin/dashboard]
in APPPATH/Controllers/back/AdminDashboardController.php on line 44.
 1 APPPATH/Controllers/back/AdminDashboardController.php(44): CodeIgniter\Debug\Exceptions->errorHandler()
 2 SYSTEMPATH/CodeIgniter.php(951): App\Controllers\back\AdminDashboardController->index()
 3 SYSTEMPATH/CodeIgniter.php(497): CodeIgniter\CodeIgniter->runController()
 4 SYSTEMPATH/CodeIgniter.php(340): CodeIgniter\CodeIgniter->handleRequest()
 5 SYSTEMPATH/Boot.php(417): CodeIgniter\CodeIgniter->run()
 6 SYSTEMPATH/Boot.php(68): CodeIgniter\Boot::runCodeIgniter()
 7 FCPATH/index.php(59): CodeIgniter\Boot::bootWeb()
 8 SYSTEMPATH/rewrite.php(44): require_once('/home/miora/Documents/4IHM/Mr Rojo/imc/public/index.php')
DEBUG - 2026-05-09 19:55:23 --> Session: Class initialized using 'CodeIgniter\Session\Handlers\FileHandler' driver.
CRITICAL - 2026-05-09 19:55:23 --> ErrorException: Undefined variable $utilisateurModel
[Method: GET, Route: admin/dashboard]
in APPPATH/Controllers/back/AdminDashboardController.php on line 44.
 1 APPPATH/Controllers/back/AdminDashboardController.php(44): CodeIgniter\Debug\Exceptions->errorHandler()
 2 SYSTEMPATH/CodeIgniter.php(951): App\Controllers\back\AdminDashboardController->index()
 3 SYSTEMPATH/CodeIgniter.php(497): CodeIgniter\CodeIgniter->runController()
 4 SYSTEMPATH/CodeIgniter.php(340): CodeIgniter\CodeIgniter->handleRequest()
 5 SYSTEMPATH/Boot.php(417): CodeIgniter\CodeIgniter->run()
 6 SYSTEMPATH/Boot.php(68): CodeIgniter\Boot::runCodeIgniter()
 7 FCPATH/index.php(59): CodeIgniter\Boot::bootWeb()
 8 SYSTEMPATH/rewrite.php(44): require_once('/home/miora/Documents/4IHM/Mr Rojo/imc/public/index.php')
DEBUG - 2026-05-09 19:55:28 --> Session: Class initialized using 'CodeIgniter\Session\Handlers\FileHandler' driver.
CRITICAL - 2026-05-09 19:55:28 --> ErrorException: Undefined variable $utilisateurModel
[Method: GET, Route: admin/dashboard]
in APPPATH/Controllers/back/AdminDashboardController.php on line 44.
 1 APPPATH/Controllers/back/AdminDashboardController.php(44): CodeIgniter\Debug\Exceptions->errorHandler()
 2 SYSTEMPATH/CodeIgniter.php(951): App\Controllers\back\AdminDashboardController->index()
 3 SYSTEMPATH/CodeIgniter.php(497): CodeIgniter\CodeIgniter->runController()
 4 SYSTEMPATH/CodeIgniter.php(340): CodeIgniter\CodeIgniter->handleRequest()
 5 SYSTEMPATH/Boot.php(417): CodeIgniter\CodeIgniter->run()
 6 SYSTEMPATH/Boot.php(68): CodeIgniter\Boot::runCodeIgniter()
 7 FCPATH/index.php(59): CodeIgniter\Boot::bootWeb()
 8 SYSTEMPATH/rewrite.php(44): require_once('/home/miora/Documents/4IHM/Mr Rojo/imc/public/index.php')
DEBUG - 2026-05-09 19:55:56 --> Session: Class initialized using 'CodeIgniter\Session\Handlers\FileHandler' driver.
ERROR - 2026-05-09 19:55:56 --> pg_query(): Query failed: ERROR:  column &quot;code_status_enum&quot; does not exist
LINE 3: WHERE &quot;code_status_enum&quot; = 'active'
              ^
in SYSTEMPATH/Database/Postgre/Connection.php on line 200.
 1 SYSTEMPATH/Database/BaseConnection.php(910): CodeIgniter\Database\Postgre\Connection->execute()
 2 SYSTEMPATH/Database/BaseConnection.php(827): CodeIgniter\Database\BaseConnection->simpleQuery()
 3 SYSTEMPATH/Database/BaseBuilder.php(1733): CodeIgniter\Database\BaseConnection->query()
 4 APPPATH/Models/CodePromoModel.php(111): CodeIgniter\Database\BaseBuilder->countAllResults()
 5 APPPATH/Controllers/back/AdminDashboardController.php(46): App\Models\CodePromoModel->countByStatus()
 6 SYSTEMPATH/CodeIgniter.php(951): App\Controllers\back\AdminDashboardController->index()
 7 SYSTEMPATH/CodeIgniter.php(497): CodeIgniter\CodeIgniter->runController()
 8 SYSTEMPATH/CodeIgniter.php(340): CodeIgniter\CodeIgniter->handleRequest()
 9 SYSTEMPATH/Boot.php(417): CodeIgniter\CodeIgniter->run()
10 SYSTEMPATH/Boot.php(68): CodeIgniter\Boot::runCodeIgniter()
11 FCPATH/index.php(59): CodeIgniter\Boot::bootWeb()
12 SYSTEMPATH/rewrite.php(44): require_once('/home/miora/Documents/4IHM/Mr Rojo/imc/public/index.php')
CRITICAL - 2026-05-09 19:55:56 --> CodeIgniter\Database\Exceptions\DatabaseException: pg_query(): Query failed: ERROR:  column &quot;code_status_enum&quot; does not exist
LINE 3: WHERE &quot;code_status_enum&quot; = 'active'
              ^
[Method: GET, Route: admin/dashboard]
in SYSTEMPATH/Database/BaseConnection.php on line 865.
 1 SYSTEMPATH/Database/BaseBuilder.php(1733): CodeIgniter\Database\BaseConnection->query()
 2 APPPATH/Models/CodePromoModel.php(111): CodeIgniter\Database\BaseBuilder->countAllResults()
 3 APPPATH/Controllers/back/AdminDashboardController.php(46): App\Models\CodePromoModel->countByStatus()
 4 SYSTEMPATH/CodeIgniter.php(951): App\Controllers\back\AdminDashboardController->index()
 5 SYSTEMPATH/CodeIgniter.php(497): CodeIgniter\CodeIgniter->runController()
 6 SYSTEMPATH/CodeIgniter.php(340): CodeIgniter\CodeIgniter->handleRequest()
 7 SYSTEMPATH/Boot.php(417): CodeIgniter\CodeIgniter->run()
 8 SYSTEMPATH/Boot.php(68): CodeIgniter\Boot::runCodeIgniter()
 9 FCPATH/index.php(59): CodeIgniter\Boot::bootWeb()
10 SYSTEMPATH/rewrite.php(44): require_once('/home/miora/Documents/4IHM/Mr Rojo/imc/public/index.php')
CRITICAL - 2026-05-09 19:55:56 --> [Caused by] CodeIgniter\Database\Exceptions\DatabaseException: pg_query(): Query failed: ERROR:  column &quot;code_status_enum&quot; does not exist
LINE 3: WHERE &quot;code_status_enum&quot; = 'active'
              ^
in SYSTEMPATH/Database/Postgre/Connection.php on line 212.
 1 SYSTEMPATH/Database/BaseConnection.php(910): CodeIgniter\Database\Postgre\Connection->execute()
 2 SYSTEMPATH/Database/BaseConnection.php(827): CodeIgniter\Database\BaseConnection->simpleQuery()
 3 SYSTEMPATH/Database/BaseBuilder.php(1733): CodeIgniter\Database\BaseConnection->query()
 4 APPPATH/Models/CodePromoModel.php(111): CodeIgniter\Database\BaseBuilder->countAllResults()
 5 APPPATH/Controllers/back/AdminDashboardController.php(46): App\Models\CodePromoModel->countByStatus()
 6 SYSTEMPATH/CodeIgniter.php(951): App\Controllers\back\AdminDashboardController->index()
 7 SYSTEMPATH/CodeIgniter.php(497): CodeIgniter\CodeIgniter->runController()
 8 SYSTEMPATH/CodeIgniter.php(340): CodeIgniter\CodeIgniter->handleRequest()
 9 SYSTEMPATH/Boot.php(417): CodeIgniter\CodeIgniter->run()
10 SYSTEMPATH/Boot.php(68): CodeIgniter\Boot::runCodeIgniter()
11 FCPATH/index.php(59): CodeIgniter\Boot::bootWeb()
12 SYSTEMPATH/rewrite.php(44): require_once('/home/miora/Documents/4IHM/Mr Rojo/imc/public/index.php')
CRITICAL - 2026-05-09 19:55:56 --> [Caused by] ErrorException: pg_query(): Query failed: ERROR:  column &quot;code_status_enum&quot; does not exist
LINE 3: WHERE &quot;code_status_enum&quot; = 'active'
              ^
in SYSTEMPATH/Database/Postgre/Connection.php on line 200.
 1 [internal function]: CodeIgniter\Debug\Exceptions->errorHandler()
 2 SYSTEMPATH/Database/Postgre/Connection.php(200): pg_query()
 3 SYSTEMPATH/Database/BaseConnection.php(910): CodeIgniter\Database\Postgre\Connection->execute()
 4 SYSTEMPATH/Database/BaseConnection.php(827): CodeIgniter\Database\BaseConnection->simpleQuery()
 5 SYSTEMPATH/Database/BaseBuilder.php(1733): CodeIgniter\Database\BaseConnection->query()
 6 APPPATH/Models/CodePromoModel.php(111): CodeIgniter\Database\BaseBuilder->countAllResults()
 7 APPPATH/Controllers/back/AdminDashboardController.php(46): App\Models\CodePromoModel->countByStatus()
 8 SYSTEMPATH/CodeIgniter.php(951): App\Controllers\back\AdminDashboardController->index()
 9 SYSTEMPATH/CodeIgniter.php(497): CodeIgniter\CodeIgniter->runController()
10 SYSTEMPATH/CodeIgniter.php(340): CodeIgniter\CodeIgniter->handleRequest()
11 SYSTEMPATH/Boot.php(417): CodeIgniter\CodeIgniter->run()
12 SYSTEMPATH/Boot.php(68): CodeIgniter\Boot::runCodeIgniter()
13 FCPATH/index.php(59): CodeIgniter\Boot::bootWeb()
14 SYSTEMPATH/rewrite.php(44): require_once('/home/miora/Documents/4IHM/Mr Rojo/imc/public/index.php')
DEBUG - 2026-05-09 19:58:06 --> Session: Class initialized using 'CodeIgniter\Session\Handlers\FileHandler' driver.
DEBUG - 2026-05-09 20:07:14 --> Session: Class initialized using 'CodeIgniter\Session\Handlers\FileHandler' driver.
DEBUG - 2026-05-09 20:11:44 --> Session: Class initialized using 'CodeIgniter\Session\Handlers\FileHandler' driver.
DEBUG - 2026-05-09 20:13:36 --> Session: Class initialized using 'CodeIgniter\Session\Handlers\FileHandler' driver.
DEBUG - 2026-05-09 20:15:57 --> Session: Class initialized using 'CodeIgniter\Session\Handlers\FileHandler' driver.
DEBUG - 2026-05-09 20:17:30 --> Session: Class initialized using 'CodeIgniter\Session\Handlers\FileHandler' driver.
DEBUG - 2026-05-09 20:19:47 --> Session: Class initialized using 'CodeIgniter\Session\Handlers\FileHandler' driver.
DEBUG - 2026-05-09 20:20:28 --> Session: Class initialized using 'CodeIgniter\Session\Handlers\FileHandler' driver.
DEBUG - 2026-05-09 20:22:54 --> Session: Class initialized using 'CodeIgniter\Session\Handlers\FileHandler' driver.
DEBUG - 2026-05-09 20:24:04 --> Session: Class initialized using 'CodeIgniter\Session\Handlers\FileHandler' driver.
DEBUG - 2026-05-09 20:25:50 --> Session: Class initialized using 'CodeIgniter\Session\Handlers\FileHandler' driver.
